// Jest Snapshot v1, https://goo.gl/fbAQLP

exports[`AdvertList snapshot testing 1`] = `
<ul
  className="advertsList"
/>
`;
